[greencom.azurewebsites.net/api/metadata.html]
[backblue.gif]
[fade.gif]
[index.html]
[greencom.azurewebsites.net/api/metadataee67.html]
[greencom.azurewebsites.net/api/json/metadata5f5d.html]
[greencom.azurewebsites.net/api/json/metadata92fb.html]
[greencom.azurewebsites.net/api/json/metadata8e9e.html]
[greencom.azurewebsites.net/api/json/metadata6c60.html]
[greencom.azurewebsites.net/api/json/metadata3ed0.html]
[greencom.azurewebsites.net/api/json/metadata1767.html]
[greencom.azurewebsites.net/api/json/metadata4f25.html]
[greencom.azurewebsites.net/api/json/metadatafeeb.html]
[greencom.azurewebsites.net/api/json/metadata7a5d.html]
[greencom.azurewebsites.net/api/json/metadata8059.html]
[greencom.azurewebsites.net/api/json/metadataac1f.html]
[greencom.azurewebsites.net/api/json/metadataeb0d.html]
[greencom.azurewebsites.net/api/json/metadataed21.html]
[greencom.azurewebsites.net/api/json/metadata61cc.html]
[greencom.azurewebsites.net/api/json/metadatacdf5.html]
[greencom.azurewebsites.net/api/json/metadatacac6.html]
[greencom.azurewebsites.net/api/json/metadataa175.html]
[greencom.azurewebsites.net/api/json/metadata8f2d.html]
[greencom.azurewebsites.net/api/json/metadatad7ef.html]
[greencom.azurewebsites.net/api/json/metadata0c46.html]
[greencom.azurewebsites.net/api/json/metadatade21.html]
[greencom.azurewebsites.net/api/json/metadataecdc.html]
[greencom.azurewebsites.net/api/json/metadataa580.html]
[greencom.azurewebsites.net/api/json/metadata3fac.html]
[greencom.azurewebsites.net/api/json/metadatad48e.html]
[greencom.azurewebsites.net/api/json/metadata3176.html]
[greencom.azurewebsites.net/api/json/metadatade5d.html]
[greencom.azurewebsites.net/api/json/metadata5217.html]
[greencom.azurewebsites.net/api/json/metadatad2e0.html]
[greencom.azurewebsites.net/api/json/metadata4f3b.html]
[greencom.azurewebsites.net/api/json/metadata562b.html]
[greencom.azurewebsites.net/api/json/metadata0856.html]
[greencom.azurewebsites.net/api/json/metadataa965.html]
[greencom.azurewebsites.net/api/json/metadataadd6.html]
[greencom.azurewebsites.net/api/json/metadatabdef.html]
[greencom.azurewebsites.net/api/json/metadata7b48.html]
[greencom.azurewebsites.net/api/json/metadataf7ac.html]
[greencom.azurewebsites.net/api/json/metadata6076.html]
[greencom.azurewebsites.net/api/json/metadataa4dd.html]
[greencom.azurewebsites.net/api/json/metadata953a.html]
[greencom.azurewebsites.net/api/json/metadatafc24.html]
[greencom.azurewebsites.net/api/json/metadataee9c.html]
[greencom.azurewebsites.net/api/json/metadata0689.html]
[greencom.azurewebsites.net/api/json/metadata2ebf.html]
[greencom.azurewebsites.net/api/json/metadata5f34.html]
[greencom.azurewebsites.net/api/json/metadata7432.html]
[greencom.azurewebsites.net/api/json/metadatac143.html]
[greencom.azurewebsites.net/api/json/metadata5638.html]
[greencom.azurewebsites.net/api/json/metadataac13.html]
[greencom.azurewebsites.net/api/json/metadata35b3.html]
[greencom.azurewebsites.net/api/json/metadata43e6.html]
[greencom.azurewebsites.net/api/json/metadata1c28.html]
[greencom.azurewebsites.net/api/json/metadataf9ab.html]
[greencom.azurewebsites.net/api/json/metadata5b59.html]
[greencom.azurewebsites.net/api/json/metadataaa20.html]
[greencom.azurewebsites.net/api/json/metadatac680.html]
[greencom.azurewebsites.net/api/json/metadata490b.html]
[greencom.azurewebsites.net/api/json/metadata21d3.html]
[greencom.azurewebsites.net/api/json/metadataff0e.html]
[greencom.azurewebsites.net/api/json/metadata7793.html]
[greencom.azurewebsites.net/api/json/metadata10da.html]
[greencom.azurewebsites.net/api/json/metadataf749.html]
[greencom.azurewebsites.net/api/json/metadataeb95.html]
[greencom.azurewebsites.net/api/json/metadata89ca.html]
[greencom.azurewebsites.net/api/json/metadataa42c.html]
[greencom.azurewebsites.net/api/json/metadata5c74.html]
[greencom.azurewebsites.net/api/json/metadata7d33.html]
[greencom.azurewebsites.net/api/json/metadata7961.html]
[greencom.azurewebsites.net/api/json/metadata0adb.html]
[greencom.azurewebsites.net/api/json/metadatac3ee.html]
[greencom.azurewebsites.net/api/json/metadata0cb5.html]
[greencom.azurewebsites.net/api/json/metadata59ae.html]
[greencom.azurewebsites.net/api/json/metadata549b.html]
[greencom.azurewebsites.net/api/json/metadatac5b4.html]
[greencom.azurewebsites.net/api/json/metadata1006.html]
[greencom.azurewebsites.net/api/json/metadata14fc.html]
[greencom.azurewebsites.net/api/json/metadata73d6.html]
[greencom.azurewebsites.net/api/json/metadatab81f.html]
[greencom.azurewebsites.net/api/json/metadata51d7.html]
[greencom.azurewebsites.net/api/json/metadatae1a7.html]
[greencom.azurewebsites.net/api/json/metadatadef7.html]
[greencom.azurewebsites.net/api/json/metadata6985.html]
[greencom.azurewebsites.net/api/json/metadatad8ac.html]
[greencom.azurewebsites.net/api/json/metadataa646.html]
[greencom.azurewebsites.net/api/json/metadata4747.html]
[greencom.azurewebsites.net/api/json/metadata80f3.html]
[greencom.azurewebsites.net/api/json/metadata997a.html]
[greencom.azurewebsites.net/api/json/metadata39b0.html]
[greencom.azurewebsites.net/api/json/metadata1cb2.html]
[greencom.azurewebsites.net/api/json/metadataa235.html]
[greencom.azurewebsites.net/api/json/metadata7f2d.html]
[greencom.azurewebsites.net/api/json/metadatacfae.html]
[greencom.azurewebsites.net/api/json/metadatac8d7.html]
[greencom.azurewebsites.net/api/json/metadatac37f.html]
[greencom.azurewebsites.net/api/json/metadatabc16.html]
[greencom.azurewebsites.net/api/json/metadata0f65.html]
[greencom.azurewebsites.net/api/json/metadataeaa6.html]
[greencom.azurewebsites.net/api/json/metadataa0e8.html]
[greencom.azurewebsites.net/api/json/metadata07ef.html]
[greencom.azurewebsites.net/api/json/metadata5f2c.html]
[greencom.azurewebsites.net/api/json/metadata9702.html]
[greencom.azurewebsites.net/api/json/metadata054b.html]
[greencom.azurewebsites.net/api/json/metadatae8ec.html]
[greencom.azurewebsites.net/api/json/metadata95fd.html]
[greencom.azurewebsites.net/api/json/metadata7ae4.html]
[greencom.azurewebsites.net/api/json/metadatab265.html]
[greencom.azurewebsites.net/api/json/metadata6ef0.html]
[greencom.azurewebsites.net/api/json/metadata2ad3.html]
[greencom.azurewebsites.net/api/json/metadata5279.html]
[greencom.azurewebsites.net/api/json/metadata3743.html]
[greencom.azurewebsites.net/api/json/metadata8881.html]
[greencom.azurewebsites.net/api/json/metadata3d8b.html]
[greencom.azurewebsites.net/api/json/metadata2f33.html]
[greencom.azurewebsites.net/api/json/metadata5f68.html]
[greencom.azurewebsites.net/api/json/metadata15cd.html]
[greencom.azurewebsites.net/api/json/metadatae8ba.html]
[greencom.azurewebsites.net/api/json/metadata23bd.html]
[greencom.azurewebsites.net/api/json/metadata507f.html]
[greencom.azurewebsites.net/api/json/metadata1fd8.html]
[greencom.azurewebsites.net/api/json/metadatac0f7.html]
[greencom.azurewebsites.net/api/json/metadata678a.html]
[greencom.azurewebsites.net/api/json/metadata7f0f.html]
[greencom.azurewebsites.net/api/json/metadata07bc.html]
[greencom.azurewebsites.net/api/json/metadata8327.html]
[greencom.azurewebsites.net/api/json/metadataea40.html]
[greencom.azurewebsites.net/api/json/metadata08a2.html]
[greencom.azurewebsites.net/api/json/metadata9adc.html]
[greencom.azurewebsites.net/api/json/metadata5230.html]
[greencom.azurewebsites.net/api/json/metadatab101.html]
[greencom.azurewebsites.net/api/json/metadata59e5.html]
[greencom.azurewebsites.net/api/json/metadata0161.html]
[greencom.azurewebsites.net/api/json/metadataa964.html]
[greencom.azurewebsites.net/api/json/metadata0566.html]
[greencom.azurewebsites.net/api/json/metadata275d.html]
[greencom.azurewebsites.net/api/json/metadatae11f.html]
[greencom.azurewebsites.net/api/json/metadata4ed8.html]
[greencom.azurewebsites.net/api/json/metadata5939.html]
[greencom.azurewebsites.net/api/json/metadatab192.html]
[greencom.azurewebsites.net/api/json/metadata15bf.html]
[greencom.azurewebsites.net/api/json/metadata5b4b.html]
[greencom.azurewebsites.net/api/json/metadata0120.html]
[greencom.azurewebsites.net/api/json/metadata52b6.html]
[greencom.azurewebsites.net/api/json/metadata12b9.html]
[greencom.azurewebsites.net/api/json/metadatabd20.html]
[greencom.azurewebsites.net/api/json/metadata0ddd.html]
[greencom.azurewebsites.net/api/json/metadata7ea7.html]
[greencom.azurewebsites.net/api/json/metadata80da.html]
[greencom.azurewebsites.net/api/json/metadatace55.html]
[greencom.azurewebsites.net/api/json/metadata407e.html]
[greencom.azurewebsites.net/api/json/metadata4a79.html]
[greencom.azurewebsites.net/api/json/metadatadc65.html]
[greencom.azurewebsites.net/api/json/metadata111a.html]
[greencom.azurewebsites.net/api/json/metadata3eba.html]
[greencom.azurewebsites.net/api/json/metadataa8a2.html]
[greencom.azurewebsites.net/api/json/metadata43f1.html]
[greencom.azurewebsites.net/api/json/metadata2673.html]
[greencom.azurewebsites.net/api/json/metadata4ca6.html]
[greencom.azurewebsites.net/api/json/metadatac764.html]
[greencom.azurewebsites.net/api/json/metadata203c.html]
[greencom.azurewebsites.net/api/json/metadata4542.html]
[greencom.azurewebsites.net/api/json/metadata23b2.html]
[greencom.azurewebsites.net/api/json/metadata04f5.html]
[greencom.azurewebsites.net/api/json/metadata9306.html]
[greencom.azurewebsites.net/api/json/metadata8a59.html]
[greencom.azurewebsites.net/api/json/metadata8898.html]
[greencom.azurewebsites.net/api/json/metadata1605.html]
[greencom.azurewebsites.net/api/json/metadataf6b1.html]
[greencom.azurewebsites.net/api/json/metadata0848.html]
[greencom.azurewebsites.net/api/json/metadataf6cf.html]
[greencom.azurewebsites.net/api/json/metadata2110.html]
[greencom.azurewebsites.net/api/json/metadata1e62.html]
[greencom.azurewebsites.net/api/json/metadata4756.html]
[greencom.azurewebsites.net/api/json/metadatad8ce.html]
[greencom.azurewebsites.net/api/json/metadata7a4e.html]
[greencom.azurewebsites.net/api/json/metadataf53b.html]
[greencom.azurewebsites.net/api/json/metadata8aab.html]
[greencom.azurewebsites.net/api/json/metadata301a.html]
[greencom.azurewebsites.net/api/json/metadata247f.html]
[greencom.azurewebsites.net/api/json/metadata2fde.html]
[greencom.azurewebsites.net/api/json/metadata7f25.html]
[greencom.azurewebsites.net/api/json/metadata6973.html]
[greencom.azurewebsites.net/api/json/metadataf9b3.html]
[greencom.azurewebsites.net/api/json/metadata69e3.html]
[greencom.azurewebsites.net/api/json/metadata0c50.html]
[greencom.azurewebsites.net/api/json/metadata069c.html]
[greencom.azurewebsites.net/api/json/metadatac3d2.html]
[greencom.azurewebsites.net/api/json/metadata50a2.html]
[greencom.azurewebsites.net/api/json/metadatab6dc.html]
[greencom.azurewebsites.net/api/json/metadata1160.html]
[greencom.azurewebsites.net/api/json/metadatadac8.html]
[greencom.azurewebsites.net/api/json/metadata54df.html]
[greencom.azurewebsites.net/api/json/metadata4790.html]
[greencom.azurewebsites.net/api/json/metadatadb2c.html]
[greencom.azurewebsites.net/api/json/metadata42e2.html]
[greencom.azurewebsites.net/api/json/metadataa780.html]
[greencom.azurewebsites.net/api/json/metadata2366.html]
[greencom.azurewebsites.net/api/json/metadata84e8.html]
[greencom.azurewebsites.net/api/json/metadataa2a9.html]
[greencom.azurewebsites.net/api/json/metadatac0f9.html]
[greencom.azurewebsites.net/api/json/metadata3c1e.html]
[greencom.azurewebsites.net/api/json/metadata9383.html]
[greencom.azurewebsites.net/api/json/metadata9d0c.html]
[greencom.azurewebsites.net/api/json/metadata7bdf.html]
[greencom.azurewebsites.net/api/json/metadatad646.html]
[greencom.azurewebsites.net/api/json/metadata0054.html]
[greencom.azurewebsites.net/api/json/metadata354f.html]
[greencom.azurewebsites.net/api/json/metadata87ec.html]
[greencom.azurewebsites.net/api/json/metadatafa69.html]
[greencom.azurewebsites.net/api/json/metadata5802.html]
[greencom.azurewebsites.net/api/json/metadata5b5e.html]
[greencom.azurewebsites.net/api/json/metadata7338.html]
[greencom.azurewebsites.net/api/json/metadata322b.html]
[greencom.azurewebsites.net/api/json/metadata5457.html]
[greencom.azurewebsites.net/api/json/metadatab582.html]
[greencom.azurewebsites.net/api/json/metadatab337.html]
[greencom.azurewebsites.net/api/json/metadataf6f6.html]
[greencom.azurewebsites.net/api/json/metadata92e1.html]
[greencom.azurewebsites.net/api/json/metadata3120.html]
[greencom.azurewebsites.net/api/json/metadata7ae9.html]
[greencom.azurewebsites.net/api/json/metadatad7a4.html]
[greencom.azurewebsites.net/api/json/metadataffc3.html]
[greencom.azurewebsites.net/api/json/metadata4ef9.html]
[greencom.azurewebsites.net/api/json/metadata838b.html]
[greencom.azurewebsites.net/api/json/metadatae2e7.html]
[greencom.azurewebsites.net/api/json/metadata361d.html]
[greencom.azurewebsites.net/api/json/metadata07bf.html]
[greencom.azurewebsites.net/api/json/metadataf85a.html]
[greencom.azurewebsites.net/api/json/metadata6a1c.html]
[greencom.azurewebsites.net/api/json/metadatab88f.html]
[greencom.azurewebsites.net/api/json/metadatacc45.html]
[greencom.azurewebsites.net/api/json/metadataf88e.html]
[greencom.azurewebsites.net/api/json/metadatae217.html]
[greencom.azurewebsites.net/api/json/metadatabfd3.html]
[greencom.azurewebsites.net/api/json/metadatacb7e.html]
[greencom.azurewebsites.net/api/json/metadatae956.html]
[greencom.azurewebsites.net/api/json/metadatacd41.html]
[greencom.azurewebsites.net/api/json/metadata6fa2.html]
[greencom.azurewebsites.net/api/json/metadatae48c.html]
[greencom.azurewebsites.net/api/json/metadata3f05.html]
[greencom.azurewebsites.net/api/json/metadata39a2.html]
[greencom.azurewebsites.net/api/json/metadata72ae.html]
[greencom.azurewebsites.net/api/json/metadata32f2.html]
[greencom.azurewebsites.net/api/json/metadatac29d.html]
[greencom.azurewebsites.net/api/json/metadatafe36.html]
[greencom.azurewebsites.net/api/json/metadataee49.html]
[greencom.azurewebsites.net/api/json/metadata26b2.html]
[greencom.azurewebsites.net/api/json/metadata38f5.html]
[greencom.azurewebsites.net/api/json/metadatadbf9.html]
[greencom.azurewebsites.net/api/json/metadata9719.html]
[greencom.azurewebsites.net/api/json/metadata4042.html]
[greencom.azurewebsites.net/api/json/metadata2432.html]
[greencom.azurewebsites.net/api/json/metadata9f87.html]
[greencom.azurewebsites.net/api/json/metadataaa2a.html]
[greencom.azurewebsites.net/api/json/metadatad0f9.html]
[greencom.azurewebsites.net/api/json/metadata83a0.html]
[greencom.azurewebsites.net/api/json/metadata60de.html]
[greencom.azurewebsites.net/api/json/metadatab3ce.html]
[greencom.azurewebsites.net/api/json/metadata2732.html]
[greencom.azurewebsites.net/api/json/metadata9165.html]
[greencom.azurewebsites.net/api/json/metadata43ca.html]
[greencom.azurewebsites.net/api/json/metadata1d62.html]
[greencom.azurewebsites.net/api/json/metadata372d.html]
[greencom.azurewebsites.net/api/json/metadata58cb.html]
[greencom.azurewebsites.net/api/json/metadatad1af.html]
[greencom.azurewebsites.net/api/json/metadata2758.html]
[greencom.azurewebsites.net/api/json/metadata24e7.html]
[greencom.azurewebsites.net/api/json/metadata75db.html]
[greencom.azurewebsites.net/api/json/metadata0e0d.html]
[greencom.azurewebsites.net/api/json/metadata7c20.html]
[greencom.azurewebsites.net/api/json/metadata6c89.html]
[greencom.azurewebsites.net/api/json/metadatae44c.html]
[greencom.azurewebsites.net/api/json/metadata11dc.html]
[greencom.azurewebsites.net/api/json/metadata86d3.html]
[greencom.azurewebsites.net/api/json/metadatac5c8.html]
[greencom.azurewebsites.net/api/json/metadatae4ad.html]
[greencom.azurewebsites.net/api/json/metadataaa67.html]
[greencom.azurewebsites.net/api/json/metadatadf64.html]
[greencom.azurewebsites.net/api/json/metadata57e3.html]
[greencom.azurewebsites.net/api/json/metadata8754.html]
[greencom.azurewebsites.net/api/json/metadata1ae3.html]
[greencom.azurewebsites.net/api/json/metadata0bb3.html]
[greencom.azurewebsites.net/api/metadata7d98.html]
[greencom.azurewebsites.net/api/metadata17b8.html]
[greencom.azurewebsites.net/api/metadata.html]
[greencom.azurewebsites.net/api/swagger-ui/index.html]
[greencom.azurewebsites.net/css/style9706.css]
[greencom.azurewebsites.net/content/alertify.core9706.css]
[greencom.azurewebsites.net/content/alertify.default9706.css]
[greencom.azurewebsites.net/css/settings9706.css]
[greencom.azurewebsites.net/content/images/greencom/europe_flag_small.jpg]
[greencom.azurewebsites.net/scripts/jquery-2.1.4.min9706.js]
[greencom.azurewebsites.net/scripts/moment.min9706.js]
[greencom.azurewebsites.net/scripts/moment.langs.min9706.js]
[greencom.azurewebsites.net/scripts/jquery.signalR-2.2.0.min9706.js]
[greencom.azurewebsites.net/scripts/Views/jquery.touchSwipe.min9706.js]
[greencom.azurewebsites.net/scripts/Views/generic9706.js]
[greencom.azurewebsites.net/scripts/jquery.cookie9706.js]
[greencom.azurewebsites.net/scripts/Views/jstz.min9706.js]
[greencom.azurewebsites.net/content/js/alertify.min.js]
[greencom.azurewebsites.net/api/metadataee67.html]
[greencom.azurewebsites.net/api/json/metadata5f5d.html]
[greencom.azurewebsites.net/api/json/metadata92fb.html]
[greencom.azurewebsites.net/api/json/metadata8e9e.html]
[greencom.azurewebsites.net/api/json/metadata6c60.html]
[greencom.azurewebsites.net/api/json/metadata3ed0.html]
[greencom.azurewebsites.net/api/json/metadata1767.html]
[greencom.azurewebsites.net/api/json/metadata4f25.html]
[greencom.azurewebsites.net/api/json/metadatafeeb.html]
[greencom.azurewebsites.net/api/json/metadata7a5d.html]
[greencom.azurewebsites.net/api/json/metadata8059.html]
[greencom.azurewebsites.net/api/json/metadataac1f.html]
[greencom.azurewebsites.net/api/json/metadataeb0d.html]
[greencom.azurewebsites.net/api/json/metadataed21.html]
[greencom.azurewebsites.net/api/json/metadata61cc.html]
[greencom.azurewebsites.net/api/json/metadatacdf5.html]
[greencom.azurewebsites.net/api/json/metadatacac6.html]
[greencom.azurewebsites.net/api/json/metadataa175.html]
[greencom.azurewebsites.net/api/json/metadata8f2d.html]
[greencom.azurewebsites.net/api/json/metadatad7ef.html]
[greencom.azurewebsites.net/api/json/metadata0c46.html]
[greencom.azurewebsites.net/api/json/metadatade21.html]
[greencom.azurewebsites.net/api/json/metadataecdc.html]
[greencom.azurewebsites.net/api/json/metadataa580.html]
[greencom.azurewebsites.net/api/json/metadata3fac.html]
[greencom.azurewebsites.net/api/json/metadatad48e.html]
[greencom.azurewebsites.net/api/json/metadata3176.html]
[greencom.azurewebsites.net/api/json/metadatade5d.html]
[greencom.azurewebsites.net/api/json/metadata5217.html]
[greencom.azurewebsites.net/api/json/metadatad2e0.html]
[greencom.azurewebsites.net/api/json/metadata4f3b.html]
[greencom.azurewebsites.net/api/json/metadata562b.html]
[greencom.azurewebsites.net/api/json/metadata0856.html]
[greencom.azurewebsites.net/api/json/metadataa965.html]
[greencom.azurewebsites.net/api/json/metadataadd6.html]
[greencom.azurewebsites.net/api/json/metadatabdef.html]
[greencom.azurewebsites.net/api/json/metadata7b48.html]
[greencom.azurewebsites.net/api/json/metadataf7ac.html]
[greencom.azurewebsites.net/api/json/metadata6076.html]
[greencom.azurewebsites.net/api/json/metadataa4dd.html]
[greencom.azurewebsites.net/api/json/metadata953a.html]
[greencom.azurewebsites.net/api/json/metadatafc24.html]
[greencom.azurewebsites.net/api/json/metadataee9c.html]
[greencom.azurewebsites.net/api/json/metadata0689.html]
[greencom.azurewebsites.net/api/json/metadata2ebf.html]
[greencom.azurewebsites.net/api/json/metadata5f34.html]
[greencom.azurewebsites.net/api/json/metadata7432.html]
[greencom.azurewebsites.net/api/json/metadatac143.html]
[greencom.azurewebsites.net/api/json/metadata5638.html]
[greencom.azurewebsites.net/api/json/metadataac13.html]
[greencom.azurewebsites.net/api/json/metadata35b3.html]
[greencom.azurewebsites.net/api/json/metadata43e6.html]
[greencom.azurewebsites.net/api/json/metadata1c28.html]
[greencom.azurewebsites.net/api/json/metadataf9ab.html]
[greencom.azurewebsites.net/api/json/metadata5b59.html]
[greencom.azurewebsites.net/api/json/metadataaa20.html]
[greencom.azurewebsites.net/api/json/metadatac680.html]
[greencom.azurewebsites.net/api/json/metadata490b.html]
[greencom.azurewebsites.net/api/json/metadata21d3.html]
[greencom.azurewebsites.net/api/json/metadataff0e.html]
[greencom.azurewebsites.net/api/json/metadata7793.html]
[greencom.azurewebsites.net/api/json/metadata10da.html]
[greencom.azurewebsites.net/api/json/metadataf749.html]
[greencom.azurewebsites.net/api/json/metadataeb95.html]
[greencom.azurewebsites.net/api/json/metadata89ca.html]
[greencom.azurewebsites.net/api/json/metadataa42c.html]
[greencom.azurewebsites.net/api/json/metadata5c74.html]
[greencom.azurewebsites.net/api/json/metadata7d33.html]
[greencom.azurewebsites.net/api/json/metadata7961.html]
[greencom.azurewebsites.net/api/json/metadata0adb.html]
[greencom.azurewebsites.net/api/json/metadatac3ee.html]
[greencom.azurewebsites.net/api/json/metadata0cb5.html]
[greencom.azurewebsites.net/api/json/metadata59ae.html]
[greencom.azurewebsites.net/api/json/metadata549b.html]
[greencom.azurewebsites.net/api/json/metadatac5b4.html]
[greencom.azurewebsites.net/api/json/metadata1006.html]
[greencom.azurewebsites.net/api/json/metadata14fc.html]
[greencom.azurewebsites.net/api/json/metadata73d6.html]
[greencom.azurewebsites.net/api/json/metadatab81f.html]
[greencom.azurewebsites.net/api/json/metadata51d7.html]
[greencom.azurewebsites.net/api/json/metadatae1a7.html]
[greencom.azurewebsites.net/api/json/metadatadef7.html]
[greencom.azurewebsites.net/api/json/metadata6985.html]
[greencom.azurewebsites.net/api/json/metadatad8ac.html]
[greencom.azurewebsites.net/api/json/metadataa646.html]
[greencom.azurewebsites.net/api/json/metadata4747.html]
[greencom.azurewebsites.net/api/json/metadata80f3.html]
[greencom.azurewebsites.net/api/json/metadata997a.html]
[greencom.azurewebsites.net/api/json/metadata39b0.html]
[greencom.azurewebsites.net/api/json/metadata1cb2.html]
[greencom.azurewebsites.net/api/json/metadataa235.html]
[greencom.azurewebsites.net/api/json/metadata7f2d.html]
[greencom.azurewebsites.net/api/json/metadatacfae.html]
[greencom.azurewebsites.net/api/json/metadatac8d7.html]
[greencom.azurewebsites.net/api/json/metadatac37f.html]
[greencom.azurewebsites.net/api/json/metadatabc16.html]
[greencom.azurewebsites.net/api/json/metadata0f65.html]
[greencom.azurewebsites.net/api/json/metadataeaa6.html]
[greencom.azurewebsites.net/api/json/metadataa0e8.html]
[greencom.azurewebsites.net/api/json/metadata07ef.html]
[greencom.azurewebsites.net/api/json/metadata5f2c.html]
[greencom.azurewebsites.net/api/json/metadata9702.html]
[greencom.azurewebsites.net/api/json/metadata054b.html]
[greencom.azurewebsites.net/api/json/metadatae8ec.html]
[greencom.azurewebsites.net/api/json/metadata95fd.html]
[greencom.azurewebsites.net/api/json/metadata7ae4.html]
[greencom.azurewebsites.net/api/json/metadatab265.html]
[greencom.azurewebsites.net/api/json/metadata6ef0.html]
[greencom.azurewebsites.net/api/json/metadata2ad3.html]
[greencom.azurewebsites.net/api/json/metadata5279.html]
[greencom.azurewebsites.net/api/json/metadata3743.html]
[greencom.azurewebsites.net/api/json/metadata8881.html]
[greencom.azurewebsites.net/api/json/metadata3d8b.html]
[greencom.azurewebsites.net/api/json/metadata2f33.html]
[greencom.azurewebsites.net/api/json/metadata5f68.html]
[greencom.azurewebsites.net/api/json/metadata15cd.html]
[greencom.azurewebsites.net/api/json/metadatae8ba.html]
[greencom.azurewebsites.net/api/json/metadata23bd.html]
[greencom.azurewebsites.net/api/json/metadata507f.html]
[greencom.azurewebsites.net/api/json/metadata1fd8.html]
[greencom.azurewebsites.net/api/json/metadatac0f7.html]
[greencom.azurewebsites.net/api/json/metadata678a.html]
[greencom.azurewebsites.net/api/json/metadata7f0f.html]
[greencom.azurewebsites.net/api/json/metadata07bc.html]
[greencom.azurewebsites.net/api/json/metadata8327.html]
[greencom.azurewebsites.net/api/json/metadataea40.html]
[greencom.azurewebsites.net/api/json/metadata08a2.html]
[greencom.azurewebsites.net/api/json/metadata9adc.html]
[greencom.azurewebsites.net/api/json/metadata5230.html]
[greencom.azurewebsites.net/api/json/metadatab101.html]
[greencom.azurewebsites.net/api/json/metadata59e5.html]
[greencom.azurewebsites.net/api/json/metadata0161.html]
[greencom.azurewebsites.net/api/json/metadataa964.html]
[greencom.azurewebsites.net/api/json/metadata0566.html]
[greencom.azurewebsites.net/api/json/metadata275d.html]
[greencom.azurewebsites.net/api/json/metadatae11f.html]
[greencom.azurewebsites.net/api/json/metadata4ed8.html]
[greencom.azurewebsites.net/api/json/metadata5939.html]
[greencom.azurewebsites.net/api/json/metadatab192.html]
[greencom.azurewebsites.net/api/json/metadata15bf.html]
[greencom.azurewebsites.net/api/json/metadata5b4b.html]
[greencom.azurewebsites.net/api/json/metadata0120.html]
[greencom.azurewebsites.net/api/json/metadata52b6.html]
[greencom.azurewebsites.net/api/json/metadata12b9.html]
[greencom.azurewebsites.net/api/json/metadatabd20.html]
[greencom.azurewebsites.net/api/json/metadata0ddd.html]
[greencom.azurewebsites.net/api/json/metadata7ea7.html]
[greencom.azurewebsites.net/api/json/metadata80da.html]
[greencom.azurewebsites.net/api/json/metadatace55.html]
[greencom.azurewebsites.net/api/json/metadata407e.html]
[greencom.azurewebsites.net/api/json/metadata4a79.html]
[greencom.azurewebsites.net/api/json/metadatadc65.html]
[greencom.azurewebsites.net/api/json/metadata111a.html]
[greencom.azurewebsites.net/api/json/metadata3eba.html]
[greencom.azurewebsites.net/api/json/metadataa8a2.html]
[greencom.azurewebsites.net/api/json/metadata43f1.html]
[greencom.azurewebsites.net/api/json/metadata2673.html]
[greencom.azurewebsites.net/api/json/metadata4ca6.html]
[greencom.azurewebsites.net/api/json/metadatac764.html]
[greencom.azurewebsites.net/api/json/metadata203c.html]
[greencom.azurewebsites.net/api/json/metadata4542.html]
[greencom.azurewebsites.net/api/json/metadata23b2.html]
[greencom.azurewebsites.net/api/json/metadata04f5.html]
[greencom.azurewebsites.net/api/json/metadata9306.html]
[greencom.azurewebsites.net/api/json/metadata8a59.html]
[greencom.azurewebsites.net/api/json/metadata8898.html]
[greencom.azurewebsites.net/api/json/metadata1605.html]
[greencom.azurewebsites.net/api/json/metadataf6b1.html]
[greencom.azurewebsites.net/api/json/metadata0848.html]
[greencom.azurewebsites.net/api/json/metadataf6cf.html]
[greencom.azurewebsites.net/api/json/metadata2110.html]
[greencom.azurewebsites.net/api/json/metadata1e62.html]
[greencom.azurewebsites.net/api/json/metadata4756.html]
[greencom.azurewebsites.net/api/json/metadatad8ce.html]
[greencom.azurewebsites.net/api/json/metadata7a4e.html]
[greencom.azurewebsites.net/api/json/metadataf53b.html]
[greencom.azurewebsites.net/api/json/metadata8aab.html]
[greencom.azurewebsites.net/api/json/metadata301a.html]
[greencom.azurewebsites.net/api/json/metadata247f.html]
[greencom.azurewebsites.net/api/json/metadata2fde.html]
[greencom.azurewebsites.net/api/json/metadata7f25.html]
[greencom.azurewebsites.net/api/json/metadata6973.html]
[greencom.azurewebsites.net/api/json/metadataf9b3.html]
[greencom.azurewebsites.net/api/json/metadata69e3.html]
[greencom.azurewebsites.net/api/json/metadata0c50.html]
[greencom.azurewebsites.net/api/json/metadata069c.html]
[greencom.azurewebsites.net/api/json/metadatac3d2.html]
[greencom.azurewebsites.net/api/json/metadata50a2.html]
[greencom.azurewebsites.net/api/json/metadatab6dc.html]
[greencom.azurewebsites.net/api/json/metadata1160.html]
[greencom.azurewebsites.net/api/json/metadatadac8.html]
[greencom.azurewebsites.net/api/json/metadata54df.html]
[greencom.azurewebsites.net/api/json/metadata4790.html]
[greencom.azurewebsites.net/api/json/metadatadb2c.html]
[greencom.azurewebsites.net/api/json/metadata42e2.html]
[greencom.azurewebsites.net/api/json/metadataa780.html]
[greencom.azurewebsites.net/api/json/metadata2366.html]
[greencom.azurewebsites.net/api/json/metadata84e8.html]
[greencom.azurewebsites.net/api/json/metadataa2a9.html]
[greencom.azurewebsites.net/api/json/metadatac0f9.html]
[greencom.azurewebsites.net/api/json/metadata3c1e.html]
[greencom.azurewebsites.net/api/json/metadata9383.html]
[greencom.azurewebsites.net/api/json/metadata9d0c.html]
[greencom.azurewebsites.net/api/json/metadata7bdf.html]
[greencom.azurewebsites.net/api/json/metadatad646.html]
[greencom.azurewebsites.net/api/json/metadata0054.html]
[greencom.azurewebsites.net/api/json/metadata354f.html]
[greencom.azurewebsites.net/api/json/metadata87ec.html]
[greencom.azurewebsites.net/api/json/metadatafa69.html]
[greencom.azurewebsites.net/api/json/metadata5802.html]
[greencom.azurewebsites.net/api/json/metadata5b5e.html]
[greencom.azurewebsites.net/api/json/metadata7338.html]
[greencom.azurewebsites.net/api/json/metadata322b.html]
[greencom.azurewebsites.net/api/json/metadata5457.html]
[greencom.azurewebsites.net/api/json/metadatab582.html]
[greencom.azurewebsites.net/api/json/metadatab337.html]
[greencom.azurewebsites.net/api/json/metadataf6f6.html]
[greencom.azurewebsites.net/api/json/metadata92e1.html]
[greencom.azurewebsites.net/api/json/metadata3120.html]
[greencom.azurewebsites.net/api/json/metadata7ae9.html]
[greencom.azurewebsites.net/api/json/metadatad7a4.html]
[greencom.azurewebsites.net/api/json/metadataffc3.html]
[greencom.azurewebsites.net/api/json/metadata4ef9.html]
[greencom.azurewebsites.net/api/json/metadata838b.html]
[greencom.azurewebsites.net/api/json/metadatae2e7.html]
[greencom.azurewebsites.net/api/json/metadata361d.html]
[greencom.azurewebsites.net/api/json/metadata07bf.html]
[greencom.azurewebsites.net/api/json/metadataf85a.html]
[greencom.azurewebsites.net/api/json/metadata6a1c.html]
[greencom.azurewebsites.net/api/json/metadatab88f.html]
[greencom.azurewebsites.net/api/json/metadatacc45.html]
[greencom.azurewebsites.net/api/json/metadataf88e.html]
[greencom.azurewebsites.net/api/json/metadatae217.html]
[greencom.azurewebsites.net/api/json/metadatabfd3.html]
[greencom.azurewebsites.net/api/json/metadatacb7e.html]
[greencom.azurewebsites.net/api/json/metadatae956.html]
[greencom.azurewebsites.net/api/json/metadatacd41.html]
[greencom.azurewebsites.net/api/json/metadata6fa2.html]
[greencom.azurewebsites.net/api/json/metadatae48c.html]
[greencom.azurewebsites.net/api/json/metadata3f05.html]
[greencom.azurewebsites.net/api/json/metadata39a2.html]
[greencom.azurewebsites.net/api/json/metadata72ae.html]
[greencom.azurewebsites.net/api/json/metadata32f2.html]
[greencom.azurewebsites.net/api/json/metadatac29d.html]
[greencom.azurewebsites.net/api/json/metadatafe36.html]
[greencom.azurewebsites.net/api/json/metadataee49.html]
[greencom.azurewebsites.net/api/json/metadata26b2.html]
[greencom.azurewebsites.net/api/json/metadata38f5.html]
[greencom.azurewebsites.net/api/json/metadatadbf9.html]
[greencom.azurewebsites.net/api/json/metadata9719.html]
[greencom.azurewebsites.net/api/json/metadata4042.html]
[greencom.azurewebsites.net/api/json/metadata2432.html]
[greencom.azurewebsites.net/api/json/metadata9f87.html]
[greencom.azurewebsites.net/api/json/metadataaa2a.html]
[greencom.azurewebsites.net/api/json/metadatad0f9.html]
[greencom.azurewebsites.net/api/json/metadata83a0.html]
[greencom.azurewebsites.net/api/json/metadata60de.html]
[greencom.azurewebsites.net/api/json/metadatab3ce.html]
[greencom.azurewebsites.net/api/json/metadata2732.html]
[greencom.azurewebsites.net/api/json/metadata9165.html]
[greencom.azurewebsites.net/api/json/metadata43ca.html]
[greencom.azurewebsites.net/api/json/metadata1d62.html]
[greencom.azurewebsites.net/api/json/metadata372d.html]
[greencom.azurewebsites.net/api/json/metadata58cb.html]
[greencom.azurewebsites.net/api/json/metadatad1af.html]
[greencom.azurewebsites.net/api/json/metadata2758.html]
[greencom.azurewebsites.net/api/json/metadata24e7.html]
[greencom.azurewebsites.net/api/json/metadata75db.html]
[greencom.azurewebsites.net/api/json/metadata0e0d.html]
[greencom.azurewebsites.net/api/json/metadata7c20.html]
[greencom.azurewebsites.net/api/json/metadata6c89.html]
[greencom.azurewebsites.net/api/json/metadatae44c.html]
[greencom.azurewebsites.net/api/json/metadata11dc.html]
[greencom.azurewebsites.net/api/json/metadata86d3.html]
[greencom.azurewebsites.net/api/json/metadatac5c8.html]
[greencom.azurewebsites.net/api/json/metadatae4ad.html]
[greencom.azurewebsites.net/api/json/metadataaa67.html]
[greencom.azurewebsites.net/api/json/metadatadf64.html]
[greencom.azurewebsites.net/api/json/metadata57e3.html]
[greencom.azurewebsites.net/api/json/metadata8754.html]
[greencom.azurewebsites.net/api/json/metadata1ae3.html]
[greencom.azurewebsites.net/api/json/metadata0bb3.html]
[greencom.azurewebsites.net/api/metadata7d98.html]
[greencom.azurewebsites.net/api/metadata17b8.html]
[greencom.azurewebsites.net/api/swagger-ui/css/typography.css]
[greencom.azurewebsites.net/api/swagger-ui/css/reset.css]
[greencom.azurewebsites.net/api/swagger-ui/css/screen.css]
[greencom.azurewebsites.net/api/swagger-ui/lib/jquery.slideto.min.js]
[greencom.azurewebsites.net/api/swagger-ui/lib/jquery.wiggle.min.js]
[greencom.azurewebsites.net/api/swagger-ui/lib/jquery.ba-bbq.min.js]
[greencom.azurewebsites.net/api/swagger-ui/lib/underscore-min.js]
[greencom.azurewebsites.net/api/swagger-ui/lib/shred.bundle.js]
[greencom.azurewebsites.net/api/swagger-ui/lib/backbone-min.js]
[greencom.azurewebsites.net/api/swagger-ui/lib/handlebars-2.0.0.js]
[greencom.azurewebsites.net/api/swagger-ui/lib/highlight.7.3.pack.js]
[greencom.azurewebsites.net/api/swagger-ui/lib/jquery-1.8.0.min.js]
[greencom.azurewebsites.net/api/swagger-ui/lib/swagger-oauth.js]
[greencom.azurewebsites.net/api/swagger-ui/lib/marked.js]
[greencom.azurewebsites.net/api/resources.json]
[greencom.azurewebsites.net/api/swagger-ui/index.html]
[greencom.azurewebsites.net/api/swagger-ui/lib/swagger-client.js]
[greencom.azurewebsites.net/api/swagger-ui/swagger-ui.js]
[greencom.azurewebsites.net/img/interface/arrow-menu.png]
[greencom.azurewebsites.net/img/interface/logo.png]
[greencom.azurewebsites.net/img/interface/advice.png]
[greencom.azurewebsites.net/img/interface/no-data.png]
[greencom.azurewebsites.net/img/interface/slide-message.png]
[greencom.azurewebsites.net/img/interface/separation-line-horizontal.png]
[greencom.azurewebsites.net/img/interface/m/logo.png]
[greencom.azurewebsites.net/img/interface/m/menu@2x.png]
[greencom.azurewebsites.net/img/interface/m/menu_active@2x.png]
[greencom.azurewebsites.net/img/interface/m/list-menu.png]
[greencom.azurewebsites.net/css/style9706.css]
[greencom.azurewebsites.net/content/alertify.core9706.css]
[greencom.azurewebsites.net/content/alertify.default9706.css]
[greencom.azurewebsites.net/css/settings9706.css]
[greencom.azurewebsites.net/scripts/jquery-2.1.4.min9706.js]
[greencom.azurewebsites.net/scripts/moment.min9706.js]
[greencom.azurewebsites.net/scripts/moment.langs.min9706.js]
[greencom.azurewebsites.net/scripts/jquery.signalR-2.2.0.min9706.js]
[greencom.azurewebsites.net/scripts/Views/jquery.touchSwipe.min9706.js]
[greencom.azurewebsites.net/scripts/Views/generic9706.js]
[greencom.azurewebsites.net/scripts/jquery.cookie9706.js]
[greencom.azurewebsites.net/scripts/Views/jstz.min9706.js]
[greencom.azurewebsites.net/content/js/alertify.min.js]
[greencom.azurewebsites.net/api/swagger-ui/fonts/droid-sans-v6-latin-regular.eot]
[greencom.azurewebsites.net/api/swagger-ui/fonts/droid-sans-v6-latin-regulard41d.eot]
[greencom.azurewebsites.net/api/swagger-ui/fonts/droid-sans-v6-latin-regular.woff2]
[greencom.azurewebsites.net/api/swagger-ui/fonts/droid-sans-v6-latin-regular.woff]
[greencom.azurewebsites.net/api/swagger-ui/fonts/droid-sans-v6-latin-regular.ttf]
[greencom.azurewebsites.net/api/swagger-ui/fonts/droid-sans-v6-latin-700.eot]
[greencom.azurewebsites.net/api/swagger-ui/fonts/droid-sans-v6-latin-700.woff2]
[greencom.azurewebsites.net/api/swagger-ui/fonts/droid-sans-v6-latin-700.woff]
[greencom.azurewebsites.net/api/swagger-ui/fonts/droid-sans-v6-latin-700d41d.eot]
[greencom.azurewebsites.net/api/swagger-ui/fonts/droid-sans-v6-latin-700.ttf]
[greencom.azurewebsites.net/api/swagger-ui/css/typography.css]
[greencom.azurewebsites.net/api/swagger-ui/css/reset.css]
[greencom.azurewebsites.net/api/swagger-ui/images/throbber.gif]
[greencom.azurewebsites.net/api/swagger-ui/images/explorer_icons.png]
[greencom.azurewebsites.net/api/swagger-ui/images/logo_small.png]
[greencom.azurewebsites.net/api/swagger-ui/css/screen.css]
[greencom.azurewebsites.net/api/swagger-ui/fonts/droid-sans-v6-latin-regular.svg]
[greencom.azurewebsites.net/api/swagger-ui/fonts/droid-sans-v6-latin-700.svg]
